// Jest Snapshot v1, https://goo.gl/fbAQLP

exports[`AddCategory component renders properly 1`] = `
<MuiThemeProvider>
  <div
    className="main"
  >
    <div
      className="inputs"
      style={
        Object {
          "paddingTop": "150px",
        }
      }
    >
      <Paper
        circle={false}
        rounded={true}
        style={
          Object {
            "margin": "auto",
            "paddingLeft": 20,
            "textAlign": "left",
            "width": 430,
          }
        }
        transitionEnabled={true}
        zDepth={2}
      >
        <p
          class="heading"
        >
          <b>
            ADD CATEGORY
          </b>
        </p>
        <TextField
          disabled={false}
          floatingLabelFixed={false}
          floatingLabelText="Name"
          fullWidth={false}
          multiLine={false}
          name="name"
          onChange={[Function]}
          rows={1}
          style={
            Object {
              "marginLeft": 20,
              "width": 340,
            }
          }
          type="text"
          underlineShow={true}
          value=""
        />
        <br />
        <br />
        <TextField
          disabled={false}
          floatingLabelFixed={false}
          floatingLabelText="Description"
          fullWidth={false}
          multiLine={false}
          name="desc"
          onChange={[Function]}
          rows={1}
          style={
            Object {
              "marginLeft": 20,
              "width": 340,
            }
          }
          type="text"
          underlineShow={true}
          value=""
        />
        <br />
        <br />
        <br />
        <div
          className="buttons"
        >
          <button
            className="network"
            id="one"
            onClick={[Function]}
          >
            ADD
          </button>
          <Link
            replace={false}
            to="/categories"
          >
            <button
              className="network"
              id="two"
            >
              CANCEL
            </button>
          </Link>
          <br />
          <br />
          <br />
        </div>
      </Paper>
      <br />
    </div>
  </div>
</MuiThemeProvider>
`;

exports[`AddCategory component renders properly 1`] = `
<MuiThemeProvider>
  <div
    className="main"
  >
    <div
      className="inputs"
      style={
        Object {
          "paddingTop": "150px",
        }
      }
    >
      <Paper
        circle={false}
        rounded={true}
        style={
          Object {
            "margin": "auto",
            "paddingLeft": 20,
            "textAlign": "left",
            "width": 430,
          }
        }
        transitionEnabled={true}
        zDepth={2}
      >
        <p
          class="heading"
        >
          <b>
            ADD CATEGORY
          </b>
        </p>
        <TextField
          disabled={false}
          floatingLabelFixed={false}
          floatingLabelText="Name"
          fullWidth={false}
          multiLine={false}
          name="name"
          onChange={[Function]}
          rows={1}
          style={
            Object {
              "marginLeft": 20,
              "width": 340,
            }
          }
          type="text"
          underlineShow={true}
          value=""
        />
        <br />
        <br />
        <TextField
          disabled={false}
          floatingLabelFixed={false}
          floatingLabelText="Description"
          fullWidth={false}
          multiLine={false}
          name="desc"
          onChange={[Function]}
          rows={1}
          style={
            Object {
              "marginLeft": 20,
              "width": 340,
            }
          }
          type="text"
          underlineShow={true}
          value=""
        />
        <br />
        <br />
        <br />
        <div
          className="buttons"
        >
          <button
            className="network"
            id="one"
            onClick={[Function]}
          >
            ADD
          </button>
          <Link
            replace={false}
            to="/categories"
          >
            <button
              className="network"
              id="two"
            >
              CANCEL
            </button>
          </Link>
          <br />
          <br />
          <br />
        </div>
      </Paper>
      <br />
    </div>
  </div>
</MuiThemeProvider>
`;
