// Jest Snapshot v1, https://goo.gl/fbAQLP

exports[`Nav component renders properly 1`] = `
<div
  className="container"
>
  <Link
    className="navbar-brand"
    replace={false}
    style={
      Object {
        "textDecoration": "none",
      }
    }
    to="/"
  >
    <h2>
      YUMMY
      <a
        className="navbar-brand"
        style={
          Object {
            "color": "white",
            "float": "right",
            "marginRight": 20,
          }
        }
      >
        Hello
         Guest
      </a>
    </h2>
  </Link>
</div>
`;
