// Jest Snapshot v1, https://goo.gl/fbAQLP

exports[`Recipes component renders properly 1`] = `
<div>
  <MuiThemeProvider>
    <div>
      <Link
        replace={false}
        to="/categories/undefined/addrecipe"
      >
        <FloatingActionButton
          disabled={false}
          mini={false}
          secondary={true}
          style={
            Object {
              "marginLeft": 20,
            }
          }
          zDepth={2}
        >
          <ContentAdd />
        </FloatingActionButton>
      </Link>
      <AutoComplete
        anchorOrigin={
          Object {
            "horizontal": "left",
            "vertical": "bottom",
          }
        }
        animated={true}
        dataSource={Array []}
        dataSourceConfig={
          Object {
            "text": "text",
            "value": "value",
          }
        }
        disableFocusRipple={true}
        filter={[Function]}
        fullWidth={false}
        hintText="Search"
        menuCloseDelay={300}
        onNewRequest={[Function]}
        onUpdateInput={[Function]}
        open={false}
        openOnFocus={true}
        searchText=""
        style={
          Object {
            "backgroundColor": "white",
            "float": "right",
            "margin": "0 auto",
            "marginRight": 75,
            "paddingLeft": 20,
            "width": 430,
          }
        }
        targetOrigin={
          Object {
            "horizontal": "left",
            "vertical": "top",
          }
        }
      />
    </div>
    <div />
  </MuiThemeProvider>
</div>
`;
